src/components/PatientModal.tsx(66,35): error TS2322: Type '{ responsive: boolean; interaction: { intersect: boolean; mode: "index"; }; plugins: { legend: { display: boolean; }; title: { display: boolean; }; }; scales: { y: { min: number; max: number; grid: { borderDash: number[]; }; }; x: { ...; }; }; }' is not assignable to type '_DeepPartialObject<CoreChartOptions<"line"> & ElementChartOptions<"line"> & PluginChartOptions<"line"> & DatasetChartOptions<"line"> & ScaleChartOptions<...> & LineControllerChartOptions>'.
  Types of property 'scales' are incompatible.
    Type '{ y: { min: number; max: number; grid: { borderDash: number[]; }; }; x: { grid: { display: boolean; }; }; }' is not assignable to type '_DeepPartialObject<{ [key: string]: ScaleOptionsByType<keyof CartesianScaleTypeRegistry>; }>'.
      Property 'y' is incompatible with index signature.
        Type '{ min: number; max: number; grid: { borderDash: number[]; }; }' is not assignable to type '_DeepPartialObject<{ type: "linear"; } & CartesianScaleOptions & { beginAtZero: boolean; suggestedMin?: number | undefined; suggestedMax?: number | undefined; grace?: string | number | undefined; ticks: { ...; }; }> | ... 4 more ... | undefined'.
          Type '{ min: number; max: number; grid: { borderDash: number[]; }; }' is not assignable to type '_DeepPartialObject<{ type: "timeseries"; } & Omit<CartesianScaleOptions, "min" | "max"> & { min: string | number; max: string | number; suggestedMin: string | number; ... 5 more ...; ticks: TimeScaleTickOptions; }>'.
            Types of property 'grid' are incompatible.
              Type '{ borderDash: number[]; }' has no properties in common with type '_DeepPartialObject<Partial<GridLineOptions>>'.
src/types/index.ts(1,13): error TS1294: This syntax is not allowed when 'erasableSyntaxOnly' is enabled.
